// Jest Snapshot v1, https://goo.gl/fbAQLP

exports[`IssueList should render an issue-list 1`] = `
{
  "asFragment": [Function],
  "baseElement": <body>
    <div>
      <ul
        class="IssueList"
        data-testid="issue-list"
      >
        <li
          class="IssueListItem"
        >
          <div
            class="Wrapper"
          >
            <span
              class="Badge"
              data-is-open="true"
              data-testid="badge"
            >
              OPEN
            </span>
            <h3>
              [Beta] Remove runtime CSS-in-JS
            </h3>
            <div
              class="AuthorBox"
            >
              <span>
                Authored By 
                <b>
                  gaearon
                </b>
                 on 
                <b>
                  2022-09-25T20:52:44Z
                </b>
              </span>
              <div
                class="Avatar"
              >
                <span
                  style="box-sizing: border-box; display: inline-block; overflow: hidden; background: none; opacity: 1; border: 0px; margin: 0px; padding: 0px; position: relative; max-width: 100%;"
                >
                  <span
                    style="box-sizing: border-box; display: block; background: none; opacity: 1; border: 0px; margin: 0px; padding: 0px; max-width: 100%;"
                  >
                    <img
                      alt=""
                      aria-hidden="true"
                      src="data:image/svg+xml,%3csvg%20xmlns=%27http://www.w3.org/2000/svg%27%20version=%271.1%27%20width=%2750%27%20height=%2750%27/%3e"
                      style="display: block; max-width: 100%; background: none; opacity: 1; border: 0px; margin: 0px; padding: 0px;"
                    />
                  </span>
                  <img
                    alt="gaearon"
                    data-nimg="intrinsic"
                    data-testid="avatar-https://avatars.githubusercontent.com/u/810438?u=36b11d1db9c2380295b4371a98de87ab6b4c898f&v=4"
                    decoding="async"
                    src="data:image/gif;base64,R0lGODlhAQABAIAAAAAAAP///yH5BAEAAAAALAAAAAABAAEAAAIBRAA7"
                    style="position: absolute; top: 0px; left: 0px; bottom: 0px; right: 0px; box-sizing: border-box; padding: 0px; margin: auto; display: block; width: 0px; height: 0px; min-width: 100%; max-width: 100%; min-height: 100%; max-height: 100%;"
                  />
                  <noscript />
                </span>
              </div>
            </div>
          </div>
        </li>
        <li
          class="IssueListItem"
        >
          <div
            class="Wrapper"
          >
            <span
              class="Badge"
              data-is-open="true"
              data-testid="badge"
            >
              OPEN
            </span>
            <h3>
              [Beta] DocSearch Title Gets Escaped
            </h3>
            <div
              class="AuthorBox"
            >
              <span>
                Authored By 
                <b>
                  Huxpro
                </b>
                 on 
                <b>
                  2022-09-25T21:24:03Z
                </b>
              </span>
              <div
                class="Avatar"
              >
                <span
                  style="box-sizing: border-box; display: inline-block; overflow: hidden; background: none; opacity: 1; border: 0px; margin: 0px; padding: 0px; position: relative; max-width: 100%;"
                >
                  <span
                    style="box-sizing: border-box; display: block; background: none; opacity: 1; border: 0px; margin: 0px; padding: 0px; max-width: 100%;"
                  >
                    <img
                      alt=""
                      aria-hidden="true"
                      src="data:image/svg+xml,%3csvg%20xmlns=%27http://www.w3.org/2000/svg%27%20version=%271.1%27%20width=%2750%27%20height=%2750%27/%3e"
                      style="display: block; max-width: 100%; background: none; opacity: 1; border: 0px; margin: 0px; padding: 0px;"
                    />
                  </span>
                  <img
                    alt="Huxpro"
                    data-nimg="intrinsic"
                    data-testid="avatar-https://avatars.githubusercontent.com/u/5563315?u=eae979b4d6884dad781c03ab81e7a16108c7fae1&v=4"
                    decoding="async"
                    src="data:image/gif;base64,R0lGODlhAQABAIAAAAAAAP///yH5BAEAAAAALAAAAAABAAEAAAIBRAA7"
                    style="position: absolute; top: 0px; left: 0px; bottom: 0px; right: 0px; box-sizing: border-box; padding: 0px; margin: auto; display: block; width: 0px; height: 0px; min-width: 100%; max-width: 100%; min-height: 100%; max-height: 100%;"
                  />
                  <noscript />
                </span>
              </div>
            </div>
          </div>
        </li>
        <li
          class="IssueListItem"
        >
          <div
            class="Wrapper"
          >
            <span
              class="Badge"
              data-is-open="true"
              data-testid="badge"
            >
              OPEN
            </span>
            <h3>
              [Beta] Issue in the navigation of the React Docs Page
            </h3>
            <div
              class="AuthorBox"
            >
              <span>
                Authored By 
                <b>
                  fahad0001
                </b>
                 on 
                <b>
                  2022-09-27T22:17:07Z
                </b>
              </span>
              <div
                class="Avatar"
              >
                <span
                  style="box-sizing: border-box; display: inline-block; overflow: hidden; background: none; opacity: 1; border: 0px; margin: 0px; padding: 0px; position: relative; max-width: 100%;"
                >
                  <span
                    style="box-sizing: border-box; display: block; background: none; opacity: 1; border: 0px; margin: 0px; padding: 0px; max-width: 100%;"
                  >
                    <img
                      alt=""
                      aria-hidden="true"
                      src="data:image/svg+xml,%3csvg%20xmlns=%27http://www.w3.org/2000/svg%27%20version=%271.1%27%20width=%2750%27%20height=%2750%27/%3e"
                      style="display: block; max-width: 100%; background: none; opacity: 1; border: 0px; margin: 0px; padding: 0px;"
                    />
                  </span>
                  <img
                    alt="fahad0001"
                    data-nimg="intrinsic"
                    data-testid="avatar-https://avatars.githubusercontent.com/u/22472928?u=1d73aa50468118ac9dd2bbc5366eac1620cce0fe&v=4"
                    decoding="async"
                    src="data:image/gif;base64,R0lGODlhAQABAIAAAAAAAP///yH5BAEAAAAALAAAAAABAAEAAAIBRAA7"
                    style="position: absolute; top: 0px; left: 0px; bottom: 0px; right: 0px; box-sizing: border-box; padding: 0px; margin: auto; display: block; width: 0px; height: 0px; min-width: 100%; max-width: 100%; min-height: 100%; max-height: 100%;"
                  />
                  <noscript />
                </span>
              </div>
            </div>
          </div>
        </li>
        <li
          class="IssueListItem"
        >
          <div
            class="Wrapper"
          >
            <span
              class="Badge closed"
              data-is-open="false"
              data-testid="badge"
            >
              CLOSED
            </span>
            <h3>
              Redux and functional components missing in react js
            </h3>
            <div
              class="AuthorBox"
            >
              <span>
                Authored By 
                <b>
                  503sayantan
                </b>
                 on 
                <b>
                  2022-09-28T07:22:53Z
                </b>
              </span>
              <div
                class="Avatar"
              >
                <span
                  style="box-sizing: border-box; display: inline-block; overflow: hidden; background: none; opacity: 1; border: 0px; margin: 0px; padding: 0px; position: relative; max-width: 100%;"
                >
                  <span
                    style="box-sizing: border-box; display: block; background: none; opacity: 1; border: 0px; margin: 0px; padding: 0px; max-width: 100%;"
                  >
                    <img
                      alt=""
                      aria-hidden="true"
                      src="data:image/svg+xml,%3csvg%20xmlns=%27http://www.w3.org/2000/svg%27%20version=%271.1%27%20width=%2750%27%20height=%2750%27/%3e"
                      style="display: block; max-width: 100%; background: none; opacity: 1; border: 0px; margin: 0px; padding: 0px;"
                    />
                  </span>
                  <img
                    alt="503sayantan"
                    data-nimg="intrinsic"
                    data-testid="avatar-https://avatars.githubusercontent.com/u/79701602?u=0f2fe0968b80a96c425b8a47f053afb1a57c10ce&v=4"
                    decoding="async"
                    src="data:image/gif;base64,R0lGODlhAQABAIAAAAAAAP///yH5BAEAAAAALAAAAAABAAEAAAIBRAA7"
                    style="position: absolute; top: 0px; left: 0px; bottom: 0px; right: 0px; box-sizing: border-box; padding: 0px; margin: auto; display: block; width: 0px; height: 0px; min-width: 100%; max-width: 100%; min-height: 100%; max-height: 100%;"
                  />
                  <noscript />
                </span>
              </div>
            </div>
          </div>
        </li>
        <li
          class="IssueListItem"
        >
          <div
            class="Wrapper"
          >
            <span
              class="Badge"
              data-is-open="true"
              data-testid="badge"
            >
              OPEN
            </span>
            <h3>
              The issue is i have a component which is having search and select 
            </h3>
            <div
              class="AuthorBox"
            >
              <span>
                Authored By 
                <b>
                  gdinesh029
                </b>
                 on 
                <b>
                  2022-09-29T00:54:25Z
                </b>
              </span>
              <div
                class="Avatar"
              >
                <span
                  style="box-sizing: border-box; display: inline-block; overflow: hidden; background: none; opacity: 1; border: 0px; margin: 0px; padding: 0px; position: relative; max-width: 100%;"
                >
                  <span
                    style="box-sizing: border-box; display: block; background: none; opacity: 1; border: 0px; margin: 0px; padding: 0px; max-width: 100%;"
                  >
                    <img
                      alt=""
                      aria-hidden="true"
                      src="data:image/svg+xml,%3csvg%20xmlns=%27http://www.w3.org/2000/svg%27%20version=%271.1%27%20width=%2750%27%20height=%2750%27/%3e"
                      style="display: block; max-width: 100%; background: none; opacity: 1; border: 0px; margin: 0px; padding: 0px;"
                    />
                  </span>
                  <img
                    alt="gdinesh029"
                    data-nimg="intrinsic"
                    data-testid="avatar-https://avatars.githubusercontent.com/u/3624443?v=4"
                    decoding="async"
                    src="data:image/gif;base64,R0lGODlhAQABAIAAAAAAAP///yH5BAEAAAAALAAAAAABAAEAAAIBRAA7"
                    style="position: absolute; top: 0px; left: 0px; bottom: 0px; right: 0px; box-sizing: border-box; padding: 0px; margin: auto; display: block; width: 0px; height: 0px; min-width: 100%; max-width: 100%; min-height: 100%; max-height: 100%;"
                  />
                  <noscript />
                </span>
              </div>
            </div>
          </div>
        </li>
        <li
          class="IssueListItem"
        >
          <div
            class="Wrapper"
          >
            <span
              class="Badge"
              data-is-open="true"
              data-testid="badge"
            >
              OPEN
            </span>
            <h3>
              Clock examples use impure \`.toLocaleTimeString()\`
            </h3>
            <div
              class="AuthorBox"
            >
              <span>
                Authored By 
                <b>
                  jonaskuske
                </b>
                 on 
                <b>
                  2022-09-29T11:51:29Z
                </b>
              </span>
              <div
                class="Avatar"
              >
                <span
                  style="box-sizing: border-box; display: inline-block; overflow: hidden; background: none; opacity: 1; border: 0px; margin: 0px; padding: 0px; position: relative; max-width: 100%;"
                >
                  <span
                    style="box-sizing: border-box; display: block; background: none; opacity: 1; border: 0px; margin: 0px; padding: 0px; max-width: 100%;"
                  >
                    <img
                      alt=""
                      aria-hidden="true"
                      src="data:image/svg+xml,%3csvg%20xmlns=%27http://www.w3.org/2000/svg%27%20version=%271.1%27%20width=%2750%27%20height=%2750%27/%3e"
                      style="display: block; max-width: 100%; background: none; opacity: 1; border: 0px; margin: 0px; padding: 0px;"
                    />
                  </span>
                  <img
                    alt="jonaskuske"
                    data-nimg="intrinsic"
                    data-testid="avatar-https://avatars.githubusercontent.com/u/30421456?u=7dd09d7c52ee9562b6af6dd0174d551f43a50e4d&v=4"
                    decoding="async"
                    src="data:image/gif;base64,R0lGODlhAQABAIAAAAAAAP///yH5BAEAAAAALAAAAAABAAEAAAIBRAA7"
                    style="position: absolute; top: 0px; left: 0px; bottom: 0px; right: 0px; box-sizing: border-box; padding: 0px; margin: auto; display: block; width: 0px; height: 0px; min-width: 100%; max-width: 100%; min-height: 100%; max-height: 100%;"
                  />
                  <noscript />
                </span>
              </div>
            </div>
          </div>
        </li>
        <li
          class="IssueListItem"
        >
          <div
            class="Wrapper"
          >
            <span
              class="Badge closed"
              data-is-open="false"
              data-testid="badge"
            >
              CLOSED
            </span>
            <h3>
              Always exited to hear newer updates 🔥 React 🚀
            </h3>
            <div
              class="AuthorBox"
            >
              <span>
                Authored By 
                <b>
                  prathameshbelurkar
                </b>
                 on 
                <b>
                  2022-09-30T06:39:22Z
                </b>
              </span>
              <div
                class="Avatar"
              >
                <span
                  style="box-sizing: border-box; display: inline-block; overflow: hidden; background: none; opacity: 1; border: 0px; margin: 0px; padding: 0px; position: relative; max-width: 100%;"
                >
                  <span
                    style="box-sizing: border-box; display: block; background: none; opacity: 1; border: 0px; margin: 0px; padding: 0px; max-width: 100%;"
                  >
                    <img
                      alt=""
                      aria-hidden="true"
                      src="data:image/svg+xml,%3csvg%20xmlns=%27http://www.w3.org/2000/svg%27%20version=%271.1%27%20width=%2750%27%20height=%2750%27/%3e"
                      style="display: block; max-width: 100%; background: none; opacity: 1; border: 0px; margin: 0px; padding: 0px;"
                    />
                  </span>
                  <img
                    alt="prathameshbelurkar"
                    data-nimg="intrinsic"
                    data-testid="avatar-https://avatars.githubusercontent.com/u/76102350?u=bd250a5d33fe58dfa1351dc456fe4cbf23677735&v=4"
                    decoding="async"
                    src="data:image/gif;base64,R0lGODlhAQABAIAAAAAAAP///yH5BAEAAAAALAAAAAABAAEAAAIBRAA7"
                    style="position: absolute; top: 0px; left: 0px; bottom: 0px; right: 0px; box-sizing: border-box; padding: 0px; margin: auto; display: block; width: 0px; height: 0px; min-width: 100%; max-width: 100%; min-height: 100%; max-height: 100%;"
                  />
                  <noscript />
                </span>
              </div>
            </div>
          </div>
        </li>
        <li
          class="IssueListItem"
        >
          <div
            class="Wrapper"
          >
            <span
              class="Badge"
              data-is-open="true"
              data-testid="badge"
            >
              OPEN
            </span>
            <h3>
              Switch CDN provider in documentation
            </h3>
            <div
              class="AuthorBox"
            >
              <span>
                Authored By 
                <b>
                  ayuhito
                </b>
                 on 
                <b>
                  2022-09-30T14:32:30Z
                </b>
              </span>
              <div
                class="Avatar"
              >
                <span
                  style="box-sizing: border-box; display: inline-block; overflow: hidden; background: none; opacity: 1; border: 0px; margin: 0px; padding: 0px; position: relative; max-width: 100%;"
                >
                  <span
                    style="box-sizing: border-box; display: block; background: none; opacity: 1; border: 0px; margin: 0px; padding: 0px; max-width: 100%;"
                  >
                    <img
                      alt=""
                      aria-hidden="true"
                      src="data:image/svg+xml,%3csvg%20xmlns=%27http://www.w3.org/2000/svg%27%20version=%271.1%27%20width=%2750%27%20height=%2750%27/%3e"
                      style="display: block; max-width: 100%; background: none; opacity: 1; border: 0px; margin: 0px; padding: 0px;"
                    />
                  </span>
                  <img
                    alt="ayuhito"
                    data-nimg="intrinsic"
                    data-testid="avatar-https://avatars.githubusercontent.com/u/38220115?u=2ecd63e5c0d379ed144b37a071a6e93cf817f572&v=4"
                    decoding="async"
                    src="data:image/gif;base64,R0lGODlhAQABAIAAAAAAAP///yH5BAEAAAAALAAAAAABAAEAAAIBRAA7"
                    style="position: absolute; top: 0px; left: 0px; bottom: 0px; right: 0px; box-sizing: border-box; padding: 0px; margin: auto; display: block; width: 0px; height: 0px; min-width: 100%; max-width: 100%; min-height: 100%; max-height: 100%;"
                  />
                  <noscript />
                </span>
              </div>
            </div>
          </div>
        </li>
        <li
          class="IssueListItem"
        >
          <div
            class="Wrapper"
          >
            <span
              class="Badge closed"
              data-is-open="false"
              data-testid="badge"
            >
              CLOSED
            </span>
            <h3>
              dependencies
            </h3>
            <div
              class="AuthorBox"
            >
              <span>
                Authored By 
                <b>
                  Yunush1
                </b>
                 on 
                <b>
                  2022-10-03T08:57:06Z
                </b>
              </span>
              <div
                class="Avatar"
              >
                <span
                  style="box-sizing: border-box; display: inline-block; overflow: hidden; background: none; opacity: 1; border: 0px; margin: 0px; padding: 0px; position: relative; max-width: 100%;"
                >
                  <span
                    style="box-sizing: border-box; display: block; background: none; opacity: 1; border: 0px; margin: 0px; padding: 0px; max-width: 100%;"
                  >
                    <img
                      alt=""
                      aria-hidden="true"
                      src="data:image/svg+xml,%3csvg%20xmlns=%27http://www.w3.org/2000/svg%27%20version=%271.1%27%20width=%2750%27%20height=%2750%27/%3e"
                      style="display: block; max-width: 100%; background: none; opacity: 1; border: 0px; margin: 0px; padding: 0px;"
                    />
                  </span>
                  <img
                    alt="Yunush1"
                    data-nimg="intrinsic"
                    data-testid="avatar-https://avatars.githubusercontent.com/u/105458936?v=4"
                    decoding="async"
                    src="data:image/gif;base64,R0lGODlhAQABAIAAAAAAAP///yH5BAEAAAAALAAAAAABAAEAAAIBRAA7"
                    style="position: absolute; top: 0px; left: 0px; bottom: 0px; right: 0px; box-sizing: border-box; padding: 0px; margin: auto; display: block; width: 0px; height: 0px; min-width: 100%; max-width: 100%; min-height: 100%; max-height: 100%;"
                  />
                  <noscript />
                </span>
              </div>
            </div>
          </div>
        </li>
        <li
          class="IssueListItem"
        >
          <div
            class="Wrapper"
          >
            <span
              class="Badge"
              data-is-open="true"
              data-testid="badge"
            >
              OPEN
            </span>
            <h3>
              Add popular open source community: PrimeReact 
            </h3>
            <div
              class="AuthorBox"
            >
              <span>
                Authored By 
                <b>
                  dcyaner
                </b>
                 on 
                <b>
                  2022-10-03T12:34:45Z
                </b>
              </span>
              <div
                class="Avatar"
              >
                <span
                  style="box-sizing: border-box; display: inline-block; overflow: hidden; background: none; opacity: 1; border: 0px; margin: 0px; padding: 0px; position: relative; max-width: 100%;"
                >
                  <span
                    style="box-sizing: border-box; display: block; background: none; opacity: 1; border: 0px; margin: 0px; padding: 0px; max-width: 100%;"
                  >
                    <img
                      alt=""
                      aria-hidden="true"
                      src="data:image/svg+xml,%3csvg%20xmlns=%27http://www.w3.org/2000/svg%27%20version=%271.1%27%20width=%2750%27%20height=%2750%27/%3e"
                      style="display: block; max-width: 100%; background: none; opacity: 1; border: 0px; margin: 0px; padding: 0px;"
                    />
                  </span>
                  <img
                    alt="dcyaner"
                    data-nimg="intrinsic"
                    data-testid="avatar-https://avatars.githubusercontent.com/u/74204161?u=add1c9f122b903e72abad70ff6b1ab2d3b33ab0f&v=4"
                    decoding="async"
                    src="data:image/gif;base64,R0lGODlhAQABAIAAAAAAAP///yH5BAEAAAAALAAAAAABAAEAAAIBRAA7"
                    style="position: absolute; top: 0px; left: 0px; bottom: 0px; right: 0px; box-sizing: border-box; padding: 0px; margin: auto; display: block; width: 0px; height: 0px; min-width: 100%; max-width: 100%; min-height: 100%; max-height: 100%;"
                  />
                  <noscript />
                </span>
              </div>
            </div>
          </div>
        </li>
        <li
          class="IssueListItem"
        >
          <div
            class="Wrapper"
          >
            <span
              class="Badge"
              data-is-open="true"
              data-testid="badge"
            >
              OPEN
            </span>
            <h3>
              Update react testing doc section for react 18
            </h3>
            <div
              class="AuthorBox"
            >
              <span>
                Authored By 
                <b>
                  edmundsj
                </b>
                 on 
                <b>
                  2022-10-04T01:08:38Z
                </b>
              </span>
              <div
                class="Avatar"
              >
                <span
                  style="box-sizing: border-box; display: inline-block; overflow: hidden; background: none; opacity: 1; border: 0px; margin: 0px; padding: 0px; position: relative; max-width: 100%;"
                >
                  <span
                    style="box-sizing: border-box; display: block; background: none; opacity: 1; border: 0px; margin: 0px; padding: 0px; max-width: 100%;"
                  >
                    <img
                      alt=""
                      aria-hidden="true"
                      src="data:image/svg+xml,%3csvg%20xmlns=%27http://www.w3.org/2000/svg%27%20version=%271.1%27%20width=%2750%27%20height=%2750%27/%3e"
                      style="display: block; max-width: 100%; background: none; opacity: 1; border: 0px; margin: 0px; padding: 0px;"
                    />
                  </span>
                  <img
                    alt="edmundsj"
                    data-nimg="intrinsic"
                    data-testid="avatar-https://avatars.githubusercontent.com/u/11085127?u=c736087a4e4aa261813dbf2d8ffddb7413044f4a&v=4"
                    decoding="async"
                    src="data:image/gif;base64,R0lGODlhAQABAIAAAAAAAP///yH5BAEAAAAALAAAAAABAAEAAAIBRAA7"
                    style="position: absolute; top: 0px; left: 0px; bottom: 0px; right: 0px; box-sizing: border-box; padding: 0px; margin: auto; display: block; width: 0px; height: 0px; min-width: 100%; max-width: 100%; min-height: 100%; max-height: 100%;"
                  />
                  <noscript />
                </span>
              </div>
            </div>
          </div>
        </li>
        <li
          class="IssueListItem"
        >
          <div
            class="Wrapper"
          >
            <span
              class="Badge closed"
              data-is-open="false"
              data-testid="badge"
            >
              CLOSED
            </span>
            <h3>
              React+Vite
            </h3>
            <div
              class="AuthorBox"
            >
              <span>
                Authored By 
                <b>
                  ramiljs
                </b>
                 on 
                <b>
                  2022-10-04T07:55:55Z
                </b>
              </span>
              <div
                class="Avatar"
              >
                <span
                  style="box-sizing: border-box; display: inline-block; overflow: hidden; background: none; opacity: 1; border: 0px; margin: 0px; padding: 0px; position: relative; max-width: 100%;"
                >
                  <span
                    style="box-sizing: border-box; display: block; background: none; opacity: 1; border: 0px; margin: 0px; padding: 0px; max-width: 100%;"
                  >
                    <img
                      alt=""
                      aria-hidden="true"
                      src="data:image/svg+xml,%3csvg%20xmlns=%27http://www.w3.org/2000/svg%27%20version=%271.1%27%20width=%2750%27%20height=%2750%27/%3e"
                      style="display: block; max-width: 100%; background: none; opacity: 1; border: 0px; margin: 0px; padding: 0px;"
                    />
                  </span>
                  <img
                    alt="ramiljs"
                    data-nimg="intrinsic"
                    data-testid="avatar-https://avatars.githubusercontent.com/u/89657343?u=e2f2fc309ff392c75bcbe27e301549e2c442998b&v=4"
                    decoding="async"
                    src="data:image/gif;base64,R0lGODlhAQABAIAAAAAAAP///yH5BAEAAAAALAAAAAABAAEAAAIBRAA7"
                    style="position: absolute; top: 0px; left: 0px; bottom: 0px; right: 0px; box-sizing: border-box; padding: 0px; margin: auto; display: block; width: 0px; height: 0px; min-width: 100%; max-width: 100%; min-height: 100%; max-height: 100%;"
                  />
                  <noscript />
                </span>
              </div>
            </div>
          </div>
        </li>
        <li
          class="IssueListItem"
        >
          <div
            class="Wrapper"
          >
            <span
              class="Badge closed"
              data-is-open="false"
              data-testid="badge"
            >
              CLOSED
            </span>
            <h3>
              Strict mode making newbie like me get confused on debugging.
            </h3>
            <div
              class="AuthorBox"
            >
              <span>
                Authored By 
                <b>
                  Misheelajil
                </b>
                 on 
                <b>
                  2022-10-05T07:28:41Z
                </b>
              </span>
              <div
                class="Avatar"
              >
                <span
                  style="box-sizing: border-box; display: inline-block; overflow: hidden; background: none; opacity: 1; border: 0px; margin: 0px; padding: 0px; position: relative; max-width: 100%;"
                >
                  <span
                    style="box-sizing: border-box; display: block; background: none; opacity: 1; border: 0px; margin: 0px; padding: 0px; max-width: 100%;"
                  >
                    <img
                      alt=""
                      aria-hidden="true"
                      src="data:image/svg+xml,%3csvg%20xmlns=%27http://www.w3.org/2000/svg%27%20version=%271.1%27%20width=%2750%27%20height=%2750%27/%3e"
                      style="display: block; max-width: 100%; background: none; opacity: 1; border: 0px; margin: 0px; padding: 0px;"
                    />
                  </span>
                  <img
                    alt="Misheelajil"
                    data-nimg="intrinsic"
                    data-testid="avatar-https://avatars.githubusercontent.com/u/55972822?v=4"
                    decoding="async"
                    src="data:image/gif;base64,R0lGODlhAQABAIAAAAAAAP///yH5BAEAAAAALAAAAAABAAEAAAIBRAA7"
                    style="position: absolute; top: 0px; left: 0px; bottom: 0px; right: 0px; box-sizing: border-box; padding: 0px; margin: auto; display: block; width: 0px; height: 0px; min-width: 100%; max-width: 100%; min-height: 100%; max-height: 100%;"
                  />
                  <noscript />
                </span>
              </div>
            </div>
          </div>
        </li>
        <li
          class="IssueListItem"
        >
          <div
            class="Wrapper"
          >
            <span
              class="Badge closed"
              data-is-open="false"
              data-testid="badge"
            >
              CLOSED
            </span>
            <h3>
              How to avoid re-renders on history.push?
            </h3>
            <div
              class="AuthorBox"
            >
              <span>
                Authored By 
                <b>
                  ShrutiJaiswal1494
                </b>
                 on 
                <b>
                  2022-10-07T18:34:39Z
                </b>
              </span>
              <div
                class="Avatar"
              >
                <span
                  style="box-sizing: border-box; display: inline-block; overflow: hidden; background: none; opacity: 1; border: 0px; margin: 0px; padding: 0px; position: relative; max-width: 100%;"
                >
                  <span
                    style="box-sizing: border-box; display: block; background: none; opacity: 1; border: 0px; margin: 0px; padding: 0px; max-width: 100%;"
                  >
                    <img
                      alt=""
                      aria-hidden="true"
                      src="data:image/svg+xml,%3csvg%20xmlns=%27http://www.w3.org/2000/svg%27%20version=%271.1%27%20width=%2750%27%20height=%2750%27/%3e"
                      style="display: block; max-width: 100%; background: none; opacity: 1; border: 0px; margin: 0px; padding: 0px;"
                    />
                  </span>
                  <img
                    alt="ShrutiJaiswal1494"
                    data-nimg="intrinsic"
                    data-testid="avatar-https://avatars.githubusercontent.com/u/79670853?v=4"
                    decoding="async"
                    src="data:image/gif;base64,R0lGODlhAQABAIAAAAAAAP///yH5BAEAAAAALAAAAAABAAEAAAIBRAA7"
                    style="position: absolute; top: 0px; left: 0px; bottom: 0px; right: 0px; box-sizing: border-box; padding: 0px; margin: auto; display: block; width: 0px; height: 0px; min-width: 100%; max-width: 100%; min-height: 100%; max-height: 100%;"
                  />
                  <noscript />
                </span>
              </div>
            </div>
          </div>
        </li>
        <li
          class="IssueListItem"
        >
          <div
            class="Wrapper"
          >
            <span
              class="Badge"
              data-is-open="true"
              data-testid="badge"
            >
              OPEN
            </span>
            <h3>
              Update \`AUTHORS\` file
            </h3>
            <div
              class="AuthorBox"
            >
              <span>
                Authored By 
                <b>
                  akulsr0
                </b>
                 on 
                <b>
                  2022-10-08T15:27:09Z
                </b>
              </span>
              <div
                class="Avatar"
              >
                <span
                  style="box-sizing: border-box; display: inline-block; overflow: hidden; background: none; opacity: 1; border: 0px; margin: 0px; padding: 0px; position: relative; max-width: 100%;"
                >
                  <span
                    style="box-sizing: border-box; display: block; background: none; opacity: 1; border: 0px; margin: 0px; padding: 0px; max-width: 100%;"
                  >
                    <img
                      alt=""
                      aria-hidden="true"
                      src="data:image/svg+xml,%3csvg%20xmlns=%27http://www.w3.org/2000/svg%27%20version=%271.1%27%20width=%2750%27%20height=%2750%27/%3e"
                      style="display: block; max-width: 100%; background: none; opacity: 1; border: 0px; margin: 0px; padding: 0px;"
                    />
                  </span>
                  <img
                    alt="akulsr0"
                    data-nimg="intrinsic"
                    data-testid="avatar-https://avatars.githubusercontent.com/u/43666833?u=f0bb33f3c5a0eef95542103fdef7bd78282b1f4c&v=4"
                    decoding="async"
                    src="data:image/gif;base64,R0lGODlhAQABAIAAAAAAAP///yH5BAEAAAAALAAAAAABAAEAAAIBRAA7"
                    style="position: absolute; top: 0px; left: 0px; bottom: 0px; right: 0px; box-sizing: border-box; padding: 0px; margin: auto; display: block; width: 0px; height: 0px; min-width: 100%; max-width: 100%; min-height: 100%; max-height: 100%;"
                  />
                  <noscript />
                </span>
              </div>
            </div>
          </div>
        </li>
        <li
          class="IssueListItem"
        >
          <div
            class="Wrapper"
          >
            <span
              class="Badge"
              data-is-open="true"
              data-testid="badge"
            >
              OPEN
            </span>
            <h3>
              [Beta] Bug: Gutter text overlaps with sandpack code on mobile
            </h3>
            <div
              class="AuthorBox"
            >
              <span>
                Authored By 
                <b>
                  shanpriyan
                </b>
                 on 
                <b>
                  2022-10-09T13:53:12Z
                </b>
              </span>
              <div
                class="Avatar"
              >
                <span
                  style="box-sizing: border-box; display: inline-block; overflow: hidden; background: none; opacity: 1; border: 0px; margin: 0px; padding: 0px; position: relative; max-width: 100%;"
                >
                  <span
                    style="box-sizing: border-box; display: block; background: none; opacity: 1; border: 0px; margin: 0px; padding: 0px; max-width: 100%;"
                  >
                    <img
                      alt=""
                      aria-hidden="true"
                      src="data:image/svg+xml,%3csvg%20xmlns=%27http://www.w3.org/2000/svg%27%20version=%271.1%27%20width=%2750%27%20height=%2750%27/%3e"
                      style="display: block; max-width: 100%; background: none; opacity: 1; border: 0px; margin: 0px; padding: 0px;"
                    />
                  </span>
                  <img
                    alt="shanpriyan"
                    data-nimg="intrinsic"
                    data-testid="avatar-https://avatars.githubusercontent.com/u/42532987?u=e9bb00533d458b0a6740301f5687472be1325887&v=4"
                    decoding="async"
                    src="data:image/gif;base64,R0lGODlhAQABAIAAAAAAAP///yH5BAEAAAAALAAAAAABAAEAAAIBRAA7"
                    style="position: absolute; top: 0px; left: 0px; bottom: 0px; right: 0px; box-sizing: border-box; padding: 0px; margin: auto; display: block; width: 0px; height: 0px; min-width: 100%; max-width: 100%; min-height: 100%; max-height: 100%;"
                  />
                  <noscript />
                </span>
              </div>
            </div>
          </div>
        </li>
        <li
          class="IssueListItem"
        >
          <div
            class="Wrapper"
          >
            <span
              class="Badge"
              data-is-open="true"
              data-testid="badge"
            >
              OPEN
            </span>
            <h3>
              Beta reactjs 404 & 500 Custom Error pages similarities
            </h3>
            <div
              class="AuthorBox"
            >
              <span>
                Authored By 
                <b>
                  vigneshshiv
                </b>
                 on 
                <b>
                  2022-10-09T18:36:16Z
                </b>
              </span>
              <div
                class="Avatar"
              >
                <span
                  style="box-sizing: border-box; display: inline-block; overflow: hidden; background: none; opacity: 1; border: 0px; margin: 0px; padding: 0px; position: relative; max-width: 100%;"
                >
                  <span
                    style="box-sizing: border-box; display: block; background: none; opacity: 1; border: 0px; margin: 0px; padding: 0px; max-width: 100%;"
                  >
                    <img
                      alt=""
                      aria-hidden="true"
                      src="data:image/svg+xml,%3csvg%20xmlns=%27http://www.w3.org/2000/svg%27%20version=%271.1%27%20width=%2750%27%20height=%2750%27/%3e"
                      style="display: block; max-width: 100%; background: none; opacity: 1; border: 0px; margin: 0px; padding: 0px;"
                    />
                  </span>
                  <img
                    alt="vigneshshiv"
                    data-nimg="intrinsic"
                    data-testid="avatar-https://avatars.githubusercontent.com/u/10242660?u=187491df153fc7d6726297d230bbf874fd1daea6&v=4"
                    decoding="async"
                    src="data:image/gif;base64,R0lGODlhAQABAIAAAAAAAP///yH5BAEAAAAALAAAAAABAAEAAAIBRAA7"
                    style="position: absolute; top: 0px; left: 0px; bottom: 0px; right: 0px; box-sizing: border-box; padding: 0px; margin: auto; display: block; width: 0px; height: 0px; min-width: 100%; max-width: 100%; min-height: 100%; max-height: 100%;"
                  />
                  <noscript />
                </span>
              </div>
            </div>
          </div>
        </li>
        <li
          class="IssueListItem"
        >
          <div
            class="Wrapper"
          >
            <span
              class="Badge"
              data-is-open="true"
              data-testid="badge"
            >
              OPEN
            </span>
            <h3>
              Clarification about multiple contexts on "Scaling Up with Reducer and Context" documentation page
            </h3>
            <div
              class="AuthorBox"
            >
              <span>
                Authored By 
                <b>
                  samanpwbb
                </b>
                 on 
                <b>
                  2022-10-11T17:56:42Z
                </b>
              </span>
              <div
                class="Avatar"
              >
                <span
                  style="box-sizing: border-box; display: inline-block; overflow: hidden; background: none; opacity: 1; border: 0px; margin: 0px; padding: 0px; position: relative; max-width: 100%;"
                >
                  <span
                    style="box-sizing: border-box; display: block; background: none; opacity: 1; border: 0px; margin: 0px; padding: 0px; max-width: 100%;"
                  >
                    <img
                      alt=""
                      aria-hidden="true"
                      src="data:image/svg+xml,%3csvg%20xmlns=%27http://www.w3.org/2000/svg%27%20version=%271.1%27%20width=%2750%27%20height=%2750%27/%3e"
                      style="display: block; max-width: 100%; background: none; opacity: 1; border: 0px; margin: 0px; padding: 0px;"
                    />
                  </span>
                  <img
                    alt="samanpwbb"
                    data-nimg="intrinsic"
                    data-testid="avatar-https://avatars.githubusercontent.com/u/108094?u=f38ea53150b7855f77de960bde5d8f2cb09aa6ed&v=4"
                    decoding="async"
                    src="data:image/gif;base64,R0lGODlhAQABAIAAAAAAAP///yH5BAEAAAAALAAAAAABAAEAAAIBRAA7"
                    style="position: absolute; top: 0px; left: 0px; bottom: 0px; right: 0px; box-sizing: border-box; padding: 0px; margin: auto; display: block; width: 0px; height: 0px; min-width: 100%; max-width: 100%; min-height: 100%; max-height: 100%;"
                  />
                  <noscript />
                </span>
              </div>
            </div>
          </div>
        </li>
        <li
          class="IssueListItem"
        >
          <div
            class="Wrapper"
          >
            <span
              class="Badge closed"
              data-is-open="false"
              data-testid="badge"
            >
              CLOSED
            </span>
            <h3>
              pass the set state function to a non-descendent component 
            </h3>
            <div
              class="AuthorBox"
            >
              <span>
                Authored By 
                <b>
                  cdhit
                </b>
                 on 
                <b>
                  2022-10-12T01:35:29Z
                </b>
              </span>
              <div
                class="Avatar"
              >
                <span
                  style="box-sizing: border-box; display: inline-block; overflow: hidden; background: none; opacity: 1; border: 0px; margin: 0px; padding: 0px; position: relative; max-width: 100%;"
                >
                  <span
                    style="box-sizing: border-box; display: block; background: none; opacity: 1; border: 0px; margin: 0px; padding: 0px; max-width: 100%;"
                  >
                    <img
                      alt=""
                      aria-hidden="true"
                      src="data:image/svg+xml,%3csvg%20xmlns=%27http://www.w3.org/2000/svg%27%20version=%271.1%27%20width=%2750%27%20height=%2750%27/%3e"
                      style="display: block; max-width: 100%; background: none; opacity: 1; border: 0px; margin: 0px; padding: 0px;"
                    />
                  </span>
                  <img
                    alt="cdhit"
                    data-nimg="intrinsic"
                    data-testid="avatar-https://avatars.githubusercontent.com/u/1721125?u=dfe9da22f98152f9201d022e82c2a8ad98385b68&v=4"
                    decoding="async"
                    src="data:image/gif;base64,R0lGODlhAQABAIAAAAAAAP///yH5BAEAAAAALAAAAAABAAEAAAIBRAA7"
                    style="position: absolute; top: 0px; left: 0px; bottom: 0px; right: 0px; box-sizing: border-box; padding: 0px; margin: auto; display: block; width: 0px; height: 0px; min-width: 100%; max-width: 100%; min-height: 100%; max-height: 100%;"
                  />
                  <noscript />
                </span>
              </div>
            </div>
          </div>
        </li>
        <li
          class="IssueListItem"
        >
          <div
            class="Wrapper"
          >
            <span
              class="Badge"
              data-is-open="true"
              data-testid="badge"
            >
              OPEN
            </span>
            <h3>
              Content issue on \`reactjs.org/tutorial/tutorial.html\`
            </h3>
            <div
              class="AuthorBox"
            >
              <span>
                Authored By 
                <b>
                  RitikJaiswal75
                </b>
                 on 
                <b>
                  2022-10-15T05:01:09Z
                </b>
              </span>
              <div
                class="Avatar"
              >
                <span
                  style="box-sizing: border-box; display: inline-block; overflow: hidden; background: none; opacity: 1; border: 0px; margin: 0px; padding: 0px; position: relative; max-width: 100%;"
                >
                  <span
                    style="box-sizing: border-box; display: block; background: none; opacity: 1; border: 0px; margin: 0px; padding: 0px; max-width: 100%;"
                  >
                    <img
                      alt=""
                      aria-hidden="true"
                      src="data:image/svg+xml,%3csvg%20xmlns=%27http://www.w3.org/2000/svg%27%20version=%271.1%27%20width=%2750%27%20height=%2750%27/%3e"
                      style="display: block; max-width: 100%; background: none; opacity: 1; border: 0px; margin: 0px; padding: 0px;"
                    />
                  </span>
                  <img
                    alt="RitikJaiswal75"
                    data-nimg="intrinsic"
                    data-testid="avatar-https://avatars.githubusercontent.com/u/57758447?u=570d8084eb6a5605098c294aa7600602abc7997a&v=4"
                    decoding="async"
                    src="data:image/gif;base64,R0lGODlhAQABAIAAAAAAAP///yH5BAEAAAAALAAAAAABAAEAAAIBRAA7"
                    style="position: absolute; top: 0px; left: 0px; bottom: 0px; right: 0px; box-sizing: border-box; padding: 0px; margin: auto; display: block; width: 0px; height: 0px; min-width: 100%; max-width: 100%; min-height: 100%; max-height: 100%;"
                  />
                  <noscript />
                </span>
              </div>
            </div>
          </div>
        </li>
      </ul>
    </div>
  </body>,
  "container": <div>
    <ul
      class="IssueList"
      data-testid="issue-list"
    >
      <li
        class="IssueListItem"
      >
        <div
          class="Wrapper"
        >
          <span
            class="Badge"
            data-is-open="true"
            data-testid="badge"
          >
            OPEN
          </span>
          <h3>
            [Beta] Remove runtime CSS-in-JS
          </h3>
          <div
            class="AuthorBox"
          >
            <span>
              Authored By 
              <b>
                gaearon
              </b>
               on 
              <b>
                2022-09-25T20:52:44Z
              </b>
            </span>
            <div
              class="Avatar"
            >
              <span
                style="box-sizing: border-box; display: inline-block; overflow: hidden; background: none; opacity: 1; border: 0px; margin: 0px; padding: 0px; position: relative; max-width: 100%;"
              >
                <span
                  style="box-sizing: border-box; display: block; background: none; opacity: 1; border: 0px; margin: 0px; padding: 0px; max-width: 100%;"
                >
                  <img
                    alt=""
                    aria-hidden="true"
                    src="data:image/svg+xml,%3csvg%20xmlns=%27http://www.w3.org/2000/svg%27%20version=%271.1%27%20width=%2750%27%20height=%2750%27/%3e"
                    style="display: block; max-width: 100%; background: none; opacity: 1; border: 0px; margin: 0px; padding: 0px;"
                  />
                </span>
                <img
                  alt="gaearon"
                  data-nimg="intrinsic"
                  data-testid="avatar-https://avatars.githubusercontent.com/u/810438?u=36b11d1db9c2380295b4371a98de87ab6b4c898f&v=4"
                  decoding="async"
                  src="data:image/gif;base64,R0lGODlhAQABAIAAAAAAAP///yH5BAEAAAAALAAAAAABAAEAAAIBRAA7"
                  style="position: absolute; top: 0px; left: 0px; bottom: 0px; right: 0px; box-sizing: border-box; padding: 0px; margin: auto; display: block; width: 0px; height: 0px; min-width: 100%; max-width: 100%; min-height: 100%; max-height: 100%;"
                />
                <noscript />
              </span>
            </div>
          </div>
        </div>
      </li>
      <li
        class="IssueListItem"
      >
        <div
          class="Wrapper"
        >
          <span
            class="Badge"
            data-is-open="true"
            data-testid="badge"
          >
            OPEN
          </span>
          <h3>
            [Beta] DocSearch Title Gets Escaped
          </h3>
          <div
            class="AuthorBox"
          >
            <span>
              Authored By 
              <b>
                Huxpro
              </b>
               on 
              <b>
                2022-09-25T21:24:03Z
              </b>
            </span>
            <div
              class="Avatar"
            >
              <span
                style="box-sizing: border-box; display: inline-block; overflow: hidden; background: none; opacity: 1; border: 0px; margin: 0px; padding: 0px; position: relative; max-width: 100%;"
              >
                <span
                  style="box-sizing: border-box; display: block; background: none; opacity: 1; border: 0px; margin: 0px; padding: 0px; max-width: 100%;"
                >
                  <img
                    alt=""
                    aria-hidden="true"
                    src="data:image/svg+xml,%3csvg%20xmlns=%27http://www.w3.org/2000/svg%27%20version=%271.1%27%20width=%2750%27%20height=%2750%27/%3e"
                    style="display: block; max-width: 100%; background: none; opacity: 1; border: 0px; margin: 0px; padding: 0px;"
                  />
                </span>
                <img
                  alt="Huxpro"
                  data-nimg="intrinsic"
                  data-testid="avatar-https://avatars.githubusercontent.com/u/5563315?u=eae979b4d6884dad781c03ab81e7a16108c7fae1&v=4"
                  decoding="async"
                  src="data:image/gif;base64,R0lGODlhAQABAIAAAAAAAP///yH5BAEAAAAALAAAAAABAAEAAAIBRAA7"
                  style="position: absolute; top: 0px; left: 0px; bottom: 0px; right: 0px; box-sizing: border-box; padding: 0px; margin: auto; display: block; width: 0px; height: 0px; min-width: 100%; max-width: 100%; min-height: 100%; max-height: 100%;"
                />
                <noscript />
              </span>
            </div>
          </div>
        </div>
      </li>
      <li
        class="IssueListItem"
      >
        <div
          class="Wrapper"
        >
          <span
            class="Badge"
            data-is-open="true"
            data-testid="badge"
          >
            OPEN
          </span>
          <h3>
            [Beta] Issue in the navigation of the React Docs Page
          </h3>
          <div
            class="AuthorBox"
          >
            <span>
              Authored By 
              <b>
                fahad0001
              </b>
               on 
              <b>
                2022-09-27T22:17:07Z
              </b>
            </span>
            <div
              class="Avatar"
            >
              <span
                style="box-sizing: border-box; display: inline-block; overflow: hidden; background: none; opacity: 1; border: 0px; margin: 0px; padding: 0px; position: relative; max-width: 100%;"
              >
                <span
                  style="box-sizing: border-box; display: block; background: none; opacity: 1; border: 0px; margin: 0px; padding: 0px; max-width: 100%;"
                >
                  <img
                    alt=""
                    aria-hidden="true"
                    src="data:image/svg+xml,%3csvg%20xmlns=%27http://www.w3.org/2000/svg%27%20version=%271.1%27%20width=%2750%27%20height=%2750%27/%3e"
                    style="display: block; max-width: 100%; background: none; opacity: 1; border: 0px; margin: 0px; padding: 0px;"
                  />
                </span>
                <img
                  alt="fahad0001"
                  data-nimg="intrinsic"
                  data-testid="avatar-https://avatars.githubusercontent.com/u/22472928?u=1d73aa50468118ac9dd2bbc5366eac1620cce0fe&v=4"
                  decoding="async"
                  src="data:image/gif;base64,R0lGODlhAQABAIAAAAAAAP///yH5BAEAAAAALAAAAAABAAEAAAIBRAA7"
                  style="position: absolute; top: 0px; left: 0px; bottom: 0px; right: 0px; box-sizing: border-box; padding: 0px; margin: auto; display: block; width: 0px; height: 0px; min-width: 100%; max-width: 100%; min-height: 100%; max-height: 100%;"
                />
                <noscript />
              </span>
            </div>
          </div>
        </div>
      </li>
      <li
        class="IssueListItem"
      >
        <div
          class="Wrapper"
        >
          <span
            class="Badge closed"
            data-is-open="false"
            data-testid="badge"
          >
            CLOSED
          </span>
          <h3>
            Redux and functional components missing in react js
          </h3>
          <div
            class="AuthorBox"
          >
            <span>
              Authored By 
              <b>
                503sayantan
              </b>
               on 
              <b>
                2022-09-28T07:22:53Z
              </b>
            </span>
            <div
              class="Avatar"
            >
              <span
                style="box-sizing: border-box; display: inline-block; overflow: hidden; background: none; opacity: 1; border: 0px; margin: 0px; padding: 0px; position: relative; max-width: 100%;"
              >
                <span
                  style="box-sizing: border-box; display: block; background: none; opacity: 1; border: 0px; margin: 0px; padding: 0px; max-width: 100%;"
                >
                  <img
                    alt=""
                    aria-hidden="true"
                    src="data:image/svg+xml,%3csvg%20xmlns=%27http://www.w3.org/2000/svg%27%20version=%271.1%27%20width=%2750%27%20height=%2750%27/%3e"
                    style="display: block; max-width: 100%; background: none; opacity: 1; border: 0px; margin: 0px; padding: 0px;"
                  />
                </span>
                <img
                  alt="503sayantan"
                  data-nimg="intrinsic"
                  data-testid="avatar-https://avatars.githubusercontent.com/u/79701602?u=0f2fe0968b80a96c425b8a47f053afb1a57c10ce&v=4"
                  decoding="async"
                  src="data:image/gif;base64,R0lGODlhAQABAIAAAAAAAP///yH5BAEAAAAALAAAAAABAAEAAAIBRAA7"
                  style="position: absolute; top: 0px; left: 0px; bottom: 0px; right: 0px; box-sizing: border-box; padding: 0px; margin: auto; display: block; width: 0px; height: 0px; min-width: 100%; max-width: 100%; min-height: 100%; max-height: 100%;"
                />
                <noscript />
              </span>
            </div>
          </div>
        </div>
      </li>
      <li
        class="IssueListItem"
      >
        <div
          class="Wrapper"
        >
          <span
            class="Badge"
            data-is-open="true"
            data-testid="badge"
          >
            OPEN
          </span>
          <h3>
            The issue is i have a component which is having search and select 
          </h3>
          <div
            class="AuthorBox"
          >
            <span>
              Authored By 
              <b>
                gdinesh029
              </b>
               on 
              <b>
                2022-09-29T00:54:25Z
              </b>
            </span>
            <div
              class="Avatar"
            >
              <span
                style="box-sizing: border-box; display: inline-block; overflow: hidden; background: none; opacity: 1; border: 0px; margin: 0px; padding: 0px; position: relative; max-width: 100%;"
              >
                <span
                  style="box-sizing: border-box; display: block; background: none; opacity: 1; border: 0px; margin: 0px; padding: 0px; max-width: 100%;"
                >
                  <img
                    alt=""
                    aria-hidden="true"
                    src="data:image/svg+xml,%3csvg%20xmlns=%27http://www.w3.org/2000/svg%27%20version=%271.1%27%20width=%2750%27%20height=%2750%27/%3e"
                    style="display: block; max-width: 100%; background: none; opacity: 1; border: 0px; margin: 0px; padding: 0px;"
                  />
                </span>
                <img
                  alt="gdinesh029"
                  data-nimg="intrinsic"
                  data-testid="avatar-https://avatars.githubusercontent.com/u/3624443?v=4"
                  decoding="async"
                  src="data:image/gif;base64,R0lGODlhAQABAIAAAAAAAP///yH5BAEAAAAALAAAAAABAAEAAAIBRAA7"
                  style="position: absolute; top: 0px; left: 0px; bottom: 0px; right: 0px; box-sizing: border-box; padding: 0px; margin: auto; display: block; width: 0px; height: 0px; min-width: 100%; max-width: 100%; min-height: 100%; max-height: 100%;"
                />
                <noscript />
              </span>
            </div>
          </div>
        </div>
      </li>
      <li
        class="IssueListItem"
      >
        <div
          class="Wrapper"
        >
          <span
            class="Badge"
            data-is-open="true"
            data-testid="badge"
          >
            OPEN
          </span>
          <h3>
            Clock examples use impure \`.toLocaleTimeString()\`
          </h3>
          <div
            class="AuthorBox"
          >
            <span>
              Authored By 
              <b>
                jonaskuske
              </b>
               on 
              <b>
                2022-09-29T11:51:29Z
              </b>
            </span>
            <div
              class="Avatar"
            >
              <span
                style="box-sizing: border-box; display: inline-block; overflow: hidden; background: none; opacity: 1; border: 0px; margin: 0px; padding: 0px; position: relative; max-width: 100%;"
              >
                <span
                  style="box-sizing: border-box; display: block; background: none; opacity: 1; border: 0px; margin: 0px; padding: 0px; max-width: 100%;"
                >
                  <img
                    alt=""
                    aria-hidden="true"
                    src="data:image/svg+xml,%3csvg%20xmlns=%27http://www.w3.org/2000/svg%27%20version=%271.1%27%20width=%2750%27%20height=%2750%27/%3e"
                    style="display: block; max-width: 100%; background: none; opacity: 1; border: 0px; margin: 0px; padding: 0px;"
                  />
                </span>
                <img
                  alt="jonaskuske"
                  data-nimg="intrinsic"
                  data-testid="avatar-https://avatars.githubusercontent.com/u/30421456?u=7dd09d7c52ee9562b6af6dd0174d551f43a50e4d&v=4"
                  decoding="async"
                  src="data:image/gif;base64,R0lGODlhAQABAIAAAAAAAP///yH5BAEAAAAALAAAAAABAAEAAAIBRAA7"
                  style="position: absolute; top: 0px; left: 0px; bottom: 0px; right: 0px; box-sizing: border-box; padding: 0px; margin: auto; display: block; width: 0px; height: 0px; min-width: 100%; max-width: 100%; min-height: 100%; max-height: 100%;"
                />
                <noscript />
              </span>
            </div>
          </div>
        </div>
      </li>
      <li
        class="IssueListItem"
      >
        <div
          class="Wrapper"
        >
          <span
            class="Badge closed"
            data-is-open="false"
            data-testid="badge"
          >
            CLOSED
          </span>
          <h3>
            Always exited to hear newer updates 🔥 React 🚀
          </h3>
          <div
            class="AuthorBox"
          >
            <span>
              Authored By 
              <b>
                prathameshbelurkar
              </b>
               on 
              <b>
                2022-09-30T06:39:22Z
              </b>
            </span>
            <div
              class="Avatar"
            >
              <span
                style="box-sizing: border-box; display: inline-block; overflow: hidden; background: none; opacity: 1; border: 0px; margin: 0px; padding: 0px; position: relative; max-width: 100%;"
              >
                <span
                  style="box-sizing: border-box; display: block; background: none; opacity: 1; border: 0px; margin: 0px; padding: 0px; max-width: 100%;"
                >
                  <img
                    alt=""
                    aria-hidden="true"
                    src="data:image/svg+xml,%3csvg%20xmlns=%27http://www.w3.org/2000/svg%27%20version=%271.1%27%20width=%2750%27%20height=%2750%27/%3e"
                    style="display: block; max-width: 100%; background: none; opacity: 1; border: 0px; margin: 0px; padding: 0px;"
                  />
                </span>
                <img
                  alt="prathameshbelurkar"
                  data-nimg="intrinsic"
                  data-testid="avatar-https://avatars.githubusercontent.com/u/76102350?u=bd250a5d33fe58dfa1351dc456fe4cbf23677735&v=4"
                  decoding="async"
                  src="data:image/gif;base64,R0lGODlhAQABAIAAAAAAAP///yH5BAEAAAAALAAAAAABAAEAAAIBRAA7"
                  style="position: absolute; top: 0px; left: 0px; bottom: 0px; right: 0px; box-sizing: border-box; padding: 0px; margin: auto; display: block; width: 0px; height: 0px; min-width: 100%; max-width: 100%; min-height: 100%; max-height: 100%;"
                />
                <noscript />
              </span>
            </div>
          </div>
        </div>
      </li>
      <li
        class="IssueListItem"
      >
        <div
          class="Wrapper"
        >
          <span
            class="Badge"
            data-is-open="true"
            data-testid="badge"
          >
            OPEN
          </span>
          <h3>
            Switch CDN provider in documentation
          </h3>
          <div
            class="AuthorBox"
          >
            <span>
              Authored By 
              <b>
                ayuhito
              </b>
               on 
              <b>
                2022-09-30T14:32:30Z
              </b>
            </span>
            <div
              class="Avatar"
            >
              <span
                style="box-sizing: border-box; display: inline-block; overflow: hidden; background: none; opacity: 1; border: 0px; margin: 0px; padding: 0px; position: relative; max-width: 100%;"
              >
                <span
                  style="box-sizing: border-box; display: block; background: none; opacity: 1; border: 0px; margin: 0px; padding: 0px; max-width: 100%;"
                >
                  <img
                    alt=""
                    aria-hidden="true"
                    src="data:image/svg+xml,%3csvg%20xmlns=%27http://www.w3.org/2000/svg%27%20version=%271.1%27%20width=%2750%27%20height=%2750%27/%3e"
                    style="display: block; max-width: 100%; background: none; opacity: 1; border: 0px; margin: 0px; padding: 0px;"
                  />
                </span>
                <img
                  alt="ayuhito"
                  data-nimg="intrinsic"
                  data-testid="avatar-https://avatars.githubusercontent.com/u/38220115?u=2ecd63e5c0d379ed144b37a071a6e93cf817f572&v=4"
                  decoding="async"
                  src="data:image/gif;base64,R0lGODlhAQABAIAAAAAAAP///yH5BAEAAAAALAAAAAABAAEAAAIBRAA7"
                  style="position: absolute; top: 0px; left: 0px; bottom: 0px; right: 0px; box-sizing: border-box; padding: 0px; margin: auto; display: block; width: 0px; height: 0px; min-width: 100%; max-width: 100%; min-height: 100%; max-height: 100%;"
                />
                <noscript />
              </span>
            </div>
          </div>
        </div>
      </li>
      <li
        class="IssueListItem"
      >
        <div
          class="Wrapper"
        >
          <span
            class="Badge closed"
            data-is-open="false"
            data-testid="badge"
          >
            CLOSED
          </span>
          <h3>
            dependencies
          </h3>
          <div
            class="AuthorBox"
          >
            <span>
              Authored By 
              <b>
                Yunush1
              </b>
               on 
              <b>
                2022-10-03T08:57:06Z
              </b>
            </span>
            <div
              class="Avatar"
            >
              <span
                style="box-sizing: border-box; display: inline-block; overflow: hidden; background: none; opacity: 1; border: 0px; margin: 0px; padding: 0px; position: relative; max-width: 100%;"
              >
                <span
                  style="box-sizing: border-box; display: block; background: none; opacity: 1; border: 0px; margin: 0px; padding: 0px; max-width: 100%;"
                >
                  <img
                    alt=""
                    aria-hidden="true"
                    src="data:image/svg+xml,%3csvg%20xmlns=%27http://www.w3.org/2000/svg%27%20version=%271.1%27%20width=%2750%27%20height=%2750%27/%3e"
                    style="display: block; max-width: 100%; background: none; opacity: 1; border: 0px; margin: 0px; padding: 0px;"
                  />
                </span>
                <img
                  alt="Yunush1"
                  data-nimg="intrinsic"
                  data-testid="avatar-https://avatars.githubusercontent.com/u/105458936?v=4"
                  decoding="async"
                  src="data:image/gif;base64,R0lGODlhAQABAIAAAAAAAP///yH5BAEAAAAALAAAAAABAAEAAAIBRAA7"
                  style="position: absolute; top: 0px; left: 0px; bottom: 0px; right: 0px; box-sizing: border-box; padding: 0px; margin: auto; display: block; width: 0px; height: 0px; min-width: 100%; max-width: 100%; min-height: 100%; max-height: 100%;"
                />
                <noscript />
              </span>
            </div>
          </div>
        </div>
      </li>
      <li
        class="IssueListItem"
      >
        <div
          class="Wrapper"
        >
          <span
            class="Badge"
            data-is-open="true"
            data-testid="badge"
          >
            OPEN
          </span>
          <h3>
            Add popular open source community: PrimeReact 
          </h3>
          <div
            class="AuthorBox"
          >
            <span>
              Authored By 
              <b>
                dcyaner
              </b>
               on 
              <b>
                2022-10-03T12:34:45Z
              </b>
            </span>
            <div
              class="Avatar"
            >
              <span
                style="box-sizing: border-box; display: inline-block; overflow: hidden; background: none; opacity: 1; border: 0px; margin: 0px; padding: 0px; position: relative; max-width: 100%;"
              >
                <span
                  style="box-sizing: border-box; display: block; background: none; opacity: 1; border: 0px; margin: 0px; padding: 0px; max-width: 100%;"
                >
                  <img
                    alt=""
                    aria-hidden="true"
                    src="data:image/svg+xml,%3csvg%20xmlns=%27http://www.w3.org/2000/svg%27%20version=%271.1%27%20width=%2750%27%20height=%2750%27/%3e"
                    style="display: block; max-width: 100%; background: none; opacity: 1; border: 0px; margin: 0px; padding: 0px;"
                  />
                </span>
                <img
                  alt="dcyaner"
                  data-nimg="intrinsic"
                  data-testid="avatar-https://avatars.githubusercontent.com/u/74204161?u=add1c9f122b903e72abad70ff6b1ab2d3b33ab0f&v=4"
                  decoding="async"
                  src="data:image/gif;base64,R0lGODlhAQABAIAAAAAAAP///yH5BAEAAAAALAAAAAABAAEAAAIBRAA7"
                  style="position: absolute; top: 0px; left: 0px; bottom: 0px; right: 0px; box-sizing: border-box; padding: 0px; margin: auto; display: block; width: 0px; height: 0px; min-width: 100%; max-width: 100%; min-height: 100%; max-height: 100%;"
                />
                <noscript />
              </span>
            </div>
          </div>
        </div>
      </li>
      <li
        class="IssueListItem"
      >
        <div
          class="Wrapper"
        >
          <span
            class="Badge"
            data-is-open="true"
            data-testid="badge"
          >
            OPEN
          </span>
          <h3>
            Update react testing doc section for react 18
          </h3>
          <div
            class="AuthorBox"
          >
            <span>
              Authored By 
              <b>
                edmundsj
              </b>
               on 
              <b>
                2022-10-04T01:08:38Z
              </b>
            </span>
            <div
              class="Avatar"
            >
              <span
                style="box-sizing: border-box; display: inline-block; overflow: hidden; background: none; opacity: 1; border: 0px; margin: 0px; padding: 0px; position: relative; max-width: 100%;"
              >
                <span
                  style="box-sizing: border-box; display: block; background: none; opacity: 1; border: 0px; margin: 0px; padding: 0px; max-width: 100%;"
                >
                  <img
                    alt=""
                    aria-hidden="true"
                    src="data:image/svg+xml,%3csvg%20xmlns=%27http://www.w3.org/2000/svg%27%20version=%271.1%27%20width=%2750%27%20height=%2750%27/%3e"
                    style="display: block; max-width: 100%; background: none; opacity: 1; border: 0px; margin: 0px; padding: 0px;"
                  />
                </span>
                <img
                  alt="edmundsj"
                  data-nimg="intrinsic"
                  data-testid="avatar-https://avatars.githubusercontent.com/u/11085127?u=c736087a4e4aa261813dbf2d8ffddb7413044f4a&v=4"
                  decoding="async"
                  src="data:image/gif;base64,R0lGODlhAQABAIAAAAAAAP///yH5BAEAAAAALAAAAAABAAEAAAIBRAA7"
                  style="position: absolute; top: 0px; left: 0px; bottom: 0px; right: 0px; box-sizing: border-box; padding: 0px; margin: auto; display: block; width: 0px; height: 0px; min-width: 100%; max-width: 100%; min-height: 100%; max-height: 100%;"
                />
                <noscript />
              </span>
            </div>
          </div>
        </div>
      </li>
      <li
        class="IssueListItem"
      >
        <div
          class="Wrapper"
        >
          <span
            class="Badge closed"
            data-is-open="false"
            data-testid="badge"
          >
            CLOSED
          </span>
          <h3>
            React+Vite
          </h3>
          <div
            class="AuthorBox"
          >
            <span>
              Authored By 
              <b>
                ramiljs
              </b>
               on 
              <b>
                2022-10-04T07:55:55Z
              </b>
            </span>
            <div
              class="Avatar"
            >
              <span
                style="box-sizing: border-box; display: inline-block; overflow: hidden; background: none; opacity: 1; border: 0px; margin: 0px; padding: 0px; position: relative; max-width: 100%;"
              >
                <span
                  style="box-sizing: border-box; display: block; background: none; opacity: 1; border: 0px; margin: 0px; padding: 0px; max-width: 100%;"
                >
                  <img
                    alt=""
                    aria-hidden="true"
                    src="data:image/svg+xml,%3csvg%20xmlns=%27http://www.w3.org/2000/svg%27%20version=%271.1%27%20width=%2750%27%20height=%2750%27/%3e"
                    style="display: block; max-width: 100%; background: none; opacity: 1; border: 0px; margin: 0px; padding: 0px;"
                  />
                </span>
                <img
                  alt="ramiljs"
                  data-nimg="intrinsic"
                  data-testid="avatar-https://avatars.githubusercontent.com/u/89657343?u=e2f2fc309ff392c75bcbe27e301549e2c442998b&v=4"
                  decoding="async"
                  src="data:image/gif;base64,R0lGODlhAQABAIAAAAAAAP///yH5BAEAAAAALAAAAAABAAEAAAIBRAA7"
                  style="position: absolute; top: 0px; left: 0px; bottom: 0px; right: 0px; box-sizing: border-box; padding: 0px; margin: auto; display: block; width: 0px; height: 0px; min-width: 100%; max-width: 100%; min-height: 100%; max-height: 100%;"
                />
                <noscript />
              </span>
            </div>
          </div>
        </div>
      </li>
      <li
        class="IssueListItem"
      >
        <div
          class="Wrapper"
        >
          <span
            class="Badge closed"
            data-is-open="false"
            data-testid="badge"
          >
            CLOSED
          </span>
          <h3>
            Strict mode making newbie like me get confused on debugging.
          </h3>
          <div
            class="AuthorBox"
          >
            <span>
              Authored By 
              <b>
                Misheelajil
              </b>
               on 
              <b>
                2022-10-05T07:28:41Z
              </b>
            </span>
            <div
              class="Avatar"
            >
              <span
                style="box-sizing: border-box; display: inline-block; overflow: hidden; background: none; opacity: 1; border: 0px; margin: 0px; padding: 0px; position: relative; max-width: 100%;"
              >
                <span
                  style="box-sizing: border-box; display: block; background: none; opacity: 1; border: 0px; margin: 0px; padding: 0px; max-width: 100%;"
                >
                  <img
                    alt=""
                    aria-hidden="true"
                    src="data:image/svg+xml,%3csvg%20xmlns=%27http://www.w3.org/2000/svg%27%20version=%271.1%27%20width=%2750%27%20height=%2750%27/%3e"
                    style="display: block; max-width: 100%; background: none; opacity: 1; border: 0px; margin: 0px; padding: 0px;"
                  />
                </span>
                <img
                  alt="Misheelajil"
                  data-nimg="intrinsic"
                  data-testid="avatar-https://avatars.githubusercontent.com/u/55972822?v=4"
                  decoding="async"
                  src="data:image/gif;base64,R0lGODlhAQABAIAAAAAAAP///yH5BAEAAAAALAAAAAABAAEAAAIBRAA7"
                  style="position: absolute; top: 0px; left: 0px; bottom: 0px; right: 0px; box-sizing: border-box; padding: 0px; margin: auto; display: block; width: 0px; height: 0px; min-width: 100%; max-width: 100%; min-height: 100%; max-height: 100%;"
                />
                <noscript />
              </span>
            </div>
          </div>
        </div>
      </li>
      <li
        class="IssueListItem"
      >
        <div
          class="Wrapper"
        >
          <span
            class="Badge closed"
            data-is-open="false"
            data-testid="badge"
          >
            CLOSED
          </span>
          <h3>
            How to avoid re-renders on history.push?
          </h3>
          <div
            class="AuthorBox"
          >
            <span>
              Authored By 
              <b>
                ShrutiJaiswal1494
              </b>
               on 
              <b>
                2022-10-07T18:34:39Z
              </b>
            </span>
            <div
              class="Avatar"
            >
              <span
                style="box-sizing: border-box; display: inline-block; overflow: hidden; background: none; opacity: 1; border: 0px; margin: 0px; padding: 0px; position: relative; max-width: 100%;"
              >
                <span
                  style="box-sizing: border-box; display: block; background: none; opacity: 1; border: 0px; margin: 0px; padding: 0px; max-width: 100%;"
                >
                  <img
                    alt=""
                    aria-hidden="true"
                    src="data:image/svg+xml,%3csvg%20xmlns=%27http://www.w3.org/2000/svg%27%20version=%271.1%27%20width=%2750%27%20height=%2750%27/%3e"
                    style="display: block; max-width: 100%; background: none; opacity: 1; border: 0px; margin: 0px; padding: 0px;"
                  />
                </span>
                <img
                  alt="ShrutiJaiswal1494"
                  data-nimg="intrinsic"
                  data-testid="avatar-https://avatars.githubusercontent.com/u/79670853?v=4"
                  decoding="async"
                  src="data:image/gif;base64,R0lGODlhAQABAIAAAAAAAP///yH5BAEAAAAALAAAAAABAAEAAAIBRAA7"
                  style="position: absolute; top: 0px; left: 0px; bottom: 0px; right: 0px; box-sizing: border-box; padding: 0px; margin: auto; display: block; width: 0px; height: 0px; min-width: 100%; max-width: 100%; min-height: 100%; max-height: 100%;"
                />
                <noscript />
              </span>
            </div>
          </div>
        </div>
      </li>
      <li
        class="IssueListItem"
      >
        <div
          class="Wrapper"
        >
          <span
            class="Badge"
            data-is-open="true"
            data-testid="badge"
          >
            OPEN
          </span>
          <h3>
            Update \`AUTHORS\` file
          </h3>
          <div
            class="AuthorBox"
          >
            <span>
              Authored By 
              <b>
                akulsr0
              </b>
               on 
              <b>
                2022-10-08T15:27:09Z
              </b>
            </span>
            <div
              class="Avatar"
            >
              <span
                style="box-sizing: border-box; display: inline-block; overflow: hidden; background: none; opacity: 1; border: 0px; margin: 0px; padding: 0px; position: relative; max-width: 100%;"
              >
                <span
                  style="box-sizing: border-box; display: block; background: none; opacity: 1; border: 0px; margin: 0px; padding: 0px; max-width: 100%;"
                >
                  <img
                    alt=""
                    aria-hidden="true"
                    src="data:image/svg+xml,%3csvg%20xmlns=%27http://www.w3.org/2000/svg%27%20version=%271.1%27%20width=%2750%27%20height=%2750%27/%3e"
                    style="display: block; max-width: 100%; background: none; opacity: 1; border: 0px; margin: 0px; padding: 0px;"
                  />
                </span>
                <img
                  alt="akulsr0"
                  data-nimg="intrinsic"
                  data-testid="avatar-https://avatars.githubusercontent.com/u/43666833?u=f0bb33f3c5a0eef95542103fdef7bd78282b1f4c&v=4"
                  decoding="async"
                  src="data:image/gif;base64,R0lGODlhAQABAIAAAAAAAP///yH5BAEAAAAALAAAAAABAAEAAAIBRAA7"
                  style="position: absolute; top: 0px; left: 0px; bottom: 0px; right: 0px; box-sizing: border-box; padding: 0px; margin: auto; display: block; width: 0px; height: 0px; min-width: 100%; max-width: 100%; min-height: 100%; max-height: 100%;"
                />
                <noscript />
              </span>
            </div>
          </div>
        </div>
      </li>
      <li
        class="IssueListItem"
      >
        <div
          class="Wrapper"
        >
          <span
            class="Badge"
            data-is-open="true"
            data-testid="badge"
          >
            OPEN
          </span>
          <h3>
            [Beta] Bug: Gutter text overlaps with sandpack code on mobile
          </h3>
          <div
            class="AuthorBox"
          >
            <span>
              Authored By 
              <b>
                shanpriyan
              </b>
               on 
              <b>
                2022-10-09T13:53:12Z
              </b>
            </span>
            <div
              class="Avatar"
            >
              <span
                style="box-sizing: border-box; display: inline-block; overflow: hidden; background: none; opacity: 1; border: 0px; margin: 0px; padding: 0px; position: relative; max-width: 100%;"
              >
                <span
                  style="box-sizing: border-box; display: block; background: none; opacity: 1; border: 0px; margin: 0px; padding: 0px; max-width: 100%;"
                >
                  <img
                    alt=""
                    aria-hidden="true"
                    src="data:image/svg+xml,%3csvg%20xmlns=%27http://www.w3.org/2000/svg%27%20version=%271.1%27%20width=%2750%27%20height=%2750%27/%3e"
                    style="display: block; max-width: 100%; background: none; opacity: 1; border: 0px; margin: 0px; padding: 0px;"
                  />
                </span>
                <img
                  alt="shanpriyan"
                  data-nimg="intrinsic"
                  data-testid="avatar-https://avatars.githubusercontent.com/u/42532987?u=e9bb00533d458b0a6740301f5687472be1325887&v=4"
                  decoding="async"
                  src="data:image/gif;base64,R0lGODlhAQABAIAAAAAAAP///yH5BAEAAAAALAAAAAABAAEAAAIBRAA7"
                  style="position: absolute; top: 0px; left: 0px; bottom: 0px; right: 0px; box-sizing: border-box; padding: 0px; margin: auto; display: block; width: 0px; height: 0px; min-width: 100%; max-width: 100%; min-height: 100%; max-height: 100%;"
                />
                <noscript />
              </span>
            </div>
          </div>
        </div>
      </li>
      <li
        class="IssueListItem"
      >
        <div
          class="Wrapper"
        >
          <span
            class="Badge"
            data-is-open="true"
            data-testid="badge"
          >
            OPEN
          </span>
          <h3>
            Beta reactjs 404 & 500 Custom Error pages similarities
          </h3>
          <div
            class="AuthorBox"
          >
            <span>
              Authored By 
              <b>
                vigneshshiv
              </b>
               on 
              <b>
                2022-10-09T18:36:16Z
              </b>
            </span>
            <div
              class="Avatar"
            >
              <span
                style="box-sizing: border-box; display: inline-block; overflow: hidden; background: none; opacity: 1; border: 0px; margin: 0px; padding: 0px; position: relative; max-width: 100%;"
              >
                <span
                  style="box-sizing: border-box; display: block; background: none; opacity: 1; border: 0px; margin: 0px; padding: 0px; max-width: 100%;"
                >
                  <img
                    alt=""
                    aria-hidden="true"
                    src="data:image/svg+xml,%3csvg%20xmlns=%27http://www.w3.org/2000/svg%27%20version=%271.1%27%20width=%2750%27%20height=%2750%27/%3e"
                    style="display: block; max-width: 100%; background: none; opacity: 1; border: 0px; margin: 0px; padding: 0px;"
                  />
                </span>
                <img
                  alt="vigneshshiv"
                  data-nimg="intrinsic"
                  data-testid="avatar-https://avatars.githubusercontent.com/u/10242660?u=187491df153fc7d6726297d230bbf874fd1daea6&v=4"
                  decoding="async"
                  src="data:image/gif;base64,R0lGODlhAQABAIAAAAAAAP///yH5BAEAAAAALAAAAAABAAEAAAIBRAA7"
                  style="position: absolute; top: 0px; left: 0px; bottom: 0px; right: 0px; box-sizing: border-box; padding: 0px; margin: auto; display: block; width: 0px; height: 0px; min-width: 100%; max-width: 100%; min-height: 100%; max-height: 100%;"
                />
                <noscript />
              </span>
            </div>
          </div>
        </div>
      </li>
      <li
        class="IssueListItem"
      >
        <div
          class="Wrapper"
        >
          <span
            class="Badge"
            data-is-open="true"
            data-testid="badge"
          >
            OPEN
          </span>
          <h3>
            Clarification about multiple contexts on "Scaling Up with Reducer and Context" documentation page
          </h3>
          <div
            class="AuthorBox"
          >
            <span>
              Authored By 
              <b>
                samanpwbb
              </b>
               on 
              <b>
                2022-10-11T17:56:42Z
              </b>
            </span>
            <div
              class="Avatar"
            >
              <span
                style="box-sizing: border-box; display: inline-block; overflow: hidden; background: none; opacity: 1; border: 0px; margin: 0px; padding: 0px; position: relative; max-width: 100%;"
              >
                <span
                  style="box-sizing: border-box; display: block; background: none; opacity: 1; border: 0px; margin: 0px; padding: 0px; max-width: 100%;"
                >
                  <img
                    alt=""
                    aria-hidden="true"
                    src="data:image/svg+xml,%3csvg%20xmlns=%27http://www.w3.org/2000/svg%27%20version=%271.1%27%20width=%2750%27%20height=%2750%27/%3e"
                    style="display: block; max-width: 100%; background: none; opacity: 1; border: 0px; margin: 0px; padding: 0px;"
                  />
                </span>
                <img
                  alt="samanpwbb"
                  data-nimg="intrinsic"
                  data-testid="avatar-https://avatars.githubusercontent.com/u/108094?u=f38ea53150b7855f77de960bde5d8f2cb09aa6ed&v=4"
                  decoding="async"
                  src="data:image/gif;base64,R0lGODlhAQABAIAAAAAAAP///yH5BAEAAAAALAAAAAABAAEAAAIBRAA7"
                  style="position: absolute; top: 0px; left: 0px; bottom: 0px; right: 0px; box-sizing: border-box; padding: 0px; margin: auto; display: block; width: 0px; height: 0px; min-width: 100%; max-width: 100%; min-height: 100%; max-height: 100%;"
                />
                <noscript />
              </span>
            </div>
          </div>
        </div>
      </li>
      <li
        class="IssueListItem"
      >
        <div
          class="Wrapper"
        >
          <span
            class="Badge closed"
            data-is-open="false"
            data-testid="badge"
          >
            CLOSED
          </span>
          <h3>
            pass the set state function to a non-descendent component 
          </h3>
          <div
            class="AuthorBox"
          >
            <span>
              Authored By 
              <b>
                cdhit
              </b>
               on 
              <b>
                2022-10-12T01:35:29Z
              </b>
            </span>
            <div
              class="Avatar"
            >
              <span
                style="box-sizing: border-box; display: inline-block; overflow: hidden; background: none; opacity: 1; border: 0px; margin: 0px; padding: 0px; position: relative; max-width: 100%;"
              >
                <span
                  style="box-sizing: border-box; display: block; background: none; opacity: 1; border: 0px; margin: 0px; padding: 0px; max-width: 100%;"
                >
                  <img
                    alt=""
                    aria-hidden="true"
                    src="data:image/svg+xml,%3csvg%20xmlns=%27http://www.w3.org/2000/svg%27%20version=%271.1%27%20width=%2750%27%20height=%2750%27/%3e"
                    style="display: block; max-width: 100%; background: none; opacity: 1; border: 0px; margin: 0px; padding: 0px;"
                  />
                </span>
                <img
                  alt="cdhit"
                  data-nimg="intrinsic"
                  data-testid="avatar-https://avatars.githubusercontent.com/u/1721125?u=dfe9da22f98152f9201d022e82c2a8ad98385b68&v=4"
                  decoding="async"
                  src="data:image/gif;base64,R0lGODlhAQABAIAAAAAAAP///yH5BAEAAAAALAAAAAABAAEAAAIBRAA7"
                  style="position: absolute; top: 0px; left: 0px; bottom: 0px; right: 0px; box-sizing: border-box; padding: 0px; margin: auto; display: block; width: 0px; height: 0px; min-width: 100%; max-width: 100%; min-height: 100%; max-height: 100%;"
                />
                <noscript />
              </span>
            </div>
          </div>
        </div>
      </li>
      <li
        class="IssueListItem"
      >
        <div
          class="Wrapper"
        >
          <span
            class="Badge"
            data-is-open="true"
            data-testid="badge"
          >
            OPEN
          </span>
          <h3>
            Content issue on \`reactjs.org/tutorial/tutorial.html\`
          </h3>
          <div
            class="AuthorBox"
          >
            <span>
              Authored By 
              <b>
                RitikJaiswal75
              </b>
               on 
              <b>
                2022-10-15T05:01:09Z
              </b>
            </span>
            <div
              class="Avatar"
            >
              <span
                style="box-sizing: border-box; display: inline-block; overflow: hidden; background: none; opacity: 1; border: 0px; margin: 0px; padding: 0px; position: relative; max-width: 100%;"
              >
                <span
                  style="box-sizing: border-box; display: block; background: none; opacity: 1; border: 0px; margin: 0px; padding: 0px; max-width: 100%;"
                >
                  <img
                    alt=""
                    aria-hidden="true"
                    src="data:image/svg+xml,%3csvg%20xmlns=%27http://www.w3.org/2000/svg%27%20version=%271.1%27%20width=%2750%27%20height=%2750%27/%3e"
                    style="display: block; max-width: 100%; background: none; opacity: 1; border: 0px; margin: 0px; padding: 0px;"
                  />
                </span>
                <img
                  alt="RitikJaiswal75"
                  data-nimg="intrinsic"
                  data-testid="avatar-https://avatars.githubusercontent.com/u/57758447?u=570d8084eb6a5605098c294aa7600602abc7997a&v=4"
                  decoding="async"
                  src="data:image/gif;base64,R0lGODlhAQABAIAAAAAAAP///yH5BAEAAAAALAAAAAABAAEAAAIBRAA7"
                  style="position: absolute; top: 0px; left: 0px; bottom: 0px; right: 0px; box-sizing: border-box; padding: 0px; margin: auto; display: block; width: 0px; height: 0px; min-width: 100%; max-width: 100%; min-height: 100%; max-height: 100%;"
                />
                <noscript />
              </span>
            </div>
          </div>
        </div>
      </li>
    </ul>
  </div>,
  "debug": [Function],
  "findAllByAltText": [Function],
  "findAllByDisplayValue": [Function],
  "findAllByLabelText": [Function],
  "findAllByPlaceholderText": [Function],
  "findAllByRole": [Function],
  "findAllByTestId": [Function],
  "findAllByText": [Function],
  "findAllByTitle": [Function],
  "findByAltText": [Function],
  "findByDisplayValue": [Function],
  "findByLabelText": [Function],
  "findByPlaceholderText": [Function],
  "findByRole": [Function],
  "findByTestId": [Function],
  "findByText": [Function],
  "findByTitle": [Function],
  "getAllByAltText": [Function],
  "getAllByDisplayValue": [Function],
  "getAllByLabelText": [Function],
  "getAllByPlaceholderText": [Function],
  "getAllByRole": [Function],
  "getAllByTestId": [Function],
  "getAllByText": [Function],
  "getAllByTitle": [Function],
  "getByAltText": [Function],
  "getByDisplayValue": [Function],
  "getByLabelText": [Function],
  "getByPlaceholderText": [Function],
  "getByRole": [Function],
  "getByTestId": [Function],
  "getByText": [Function],
  "getByTitle": [Function],
  "queryAllByAltText": [Function],
  "queryAllByDisplayValue": [Function],
  "queryAllByLabelText": [Function],
  "queryAllByPlaceholderText": [Function],
  "queryAllByRole": [Function],
  "queryAllByTestId": [Function],
  "queryAllByText": [Function],
  "queryAllByTitle": [Function],
  "queryByAltText": [Function],
  "queryByDisplayValue": [Function],
  "queryByLabelText": [Function],
  "queryByPlaceholderText": [Function],
  "queryByRole": [Function],
  "queryByTestId": [Function],
  "queryByText": [Function],
  "queryByTitle": [Function],
  "rerender": [Function],
  "unmount": [Function],
}
`;
